// Jest Snapshot v1, https://goo.gl/fbAQLP

exports[`Test AppRouter Should show login if is not authenticated 1`] = `
<div>
  <div
    className="container mt-5"
  >
    <h1>
      SignIn
    </h1>
    <button
      className="btn btn-primary"
      onClick={[Function]}
    >
      login
    </button>
  </div>
</div>
`;
