// Jest Snapshot v1, https://goo.gl/fbAQLP

exports[`Test TodoListItem Should render 1`] = `
<Fragment>
  <li
    className="list-group-item"
    key="1"
  >
    <p
      className="false"
      onClick={[Function]}
    >
      lrn rct
    </p>
    <button
      className="btn btn-danger"
      onClick={[Function]}
    >
      x
    </button>
  </li>
</Fragment>
`;
