// Jest Snapshot v1, https://goo.gl/fbAQLP

exports[`Testing AddCategory Should return a func 1`] = `
<form
  onSubmit={[Function]}
>
  <input
    onChange={[Function]}
    placeholder="Any idea?"
    type="text"
    value=""
  />
</form>
`;
