// Jest Snapshot v1, https://goo.gl/fbAQLP

exports[`GifExpertApp Should show component 1`] = `
<div
  className="card animate__animated animate__fadeIn"
>
  <img
    alt="Titulos"
    src="https://www.google.com"
  />
  <p>
    Titulos
  </p>
</div>
`;
