// Jest Snapshot v1, https://goo.gl/fbAQLP

exports[`Test HomeScreen Should render 1`] = `
Array [
  <h1>
    Home Screen
  </h1>,
  <pre>
    {
   "name": "Faka",
   "email": "f@ka.com"
}
  </pre>,
]
`;
