// Jest Snapshot v1, https://goo.gl/fbAQLP

exports[`Test HookApp Testing component 1`] = `
<Fragment>
  <h1>
    Hola mundo
  </h1>
</Fragment>
`;
