// Jest Snapshot v1, https://goo.gl/fbAQLP

exports[`Test RealExample Should load Component 1`] = `
<Fragment>
  <h1>
    RealExample
  </h1>
  <hr />
  <hr />
  <button
    className="btn btn-outline-primary"
    onClick={[Function]}
  >
    Show/Hide
  </button>
</Fragment>
`;
